e: file:///home/runner/work/BgRemover/BgRemover/app/src/main/java/krd/bgremover/MainViewModel.kt:79:9 Platform declaration clash: The following declarations have the same JVM signature (setPersonOnly(Z)V):
    fun `<set-personOnly>`(`<set-?>`: Boolean): Unit defined in krd.bgremover.MainViewModel
    fun setPersonOnly(v: Boolean): Unit defined in krd.bgremover.MainViewModel
e: file:///home/runner/work/BgRemover/BgRemover/app/src/main/java/krd/bgremover/MainViewModel.kt:90:5 Platform declaration clash: The following declarations have the same JVM signature (setPersonOnly(Z)V):
    fun `<set-personOnly>`(`<set-?>`: Boolean): Unit defined in krd.bgremover.MainViewModel
    fun setPersonOnly(v: Boolean): Unit defined in krd.bgremover.MainViewModel
gradle/actions: Writing build results to /home/runner/work/_temp/.gradle-actions/build-results/__run_3-1790940996090.json

FAILURE: Build failed with an exception.

* What went wrong:
Execution failed for task ':app:compileReleaseKotlin'.
> A failure occurred while executing org.jetbrains.kotlin.compilerRunner.GradleCompilerRunnerWithWorkers$GradleKotlinCompilerWorkAction
   > Compilation error. See log for more details

You are strongly encouraged to update your project to use a newer
Android Gradle plugin that has been tested with compileSdk = 35.

If you are already using the latest version of the Android Gradle plugin,
you may need to wait until a newer version with support for compileSdk = 35 is available.

For more information refer to the compatibility table:
https://d.android.com/r/tools/api-level-support

To suppress this warning, add/update
    android.suppressUnsupportedCompileSdk=35
to this project's gradle.properties.
> Task :app:buildKotlinToolingMetadata
> Task :app:checkKotlinGradlePluginConfigurationErrors SKIPPED
> Task :app:preBuild UP-TO-DATE
> Task :app:preReleaseBuild UP-TO-DATE
> Task :app:generateReleaseResValues
> Task :app:checkReleaseAarMetadata
> Task :app:mapReleaseSourceSetPaths
> Task :app:generateReleaseResources
> Task :app:packageReleaseResources
> Task :app:createReleaseCompatibleScreenManifests
> Task :app:extractDeepLinksRelease
> Task :app:mergeReleaseResources
> Task :app:parseReleaseLocalResources
> Task :app:processReleaseMainManifest
> Task :app:processReleaseManifest
> Task :app:javaPreCompileRelease
> Task :app:extractProguardFiles
> Task :app:mergeReleaseJniLibFolders
> Task :app:processReleaseManifestForPackage
> Task :app:mergeReleaseNativeLibs
> Task :app:checkReleaseDuplicateClasses
> Task :app:mergeReleaseArtProfile
> Task :app:processReleaseResources

> Task :app:stripReleaseDebugSymbols
Unable to strip the following libraries, packaging them as they are: libandroidx.graphics.path.so, libonnxruntime.so, libonnxruntime4j_jni.so, libxeno_native.so.

> Task :app:mergeReleaseStartupProfile
> Task :app:mergeReleaseShaders
> Task :app:compileReleaseShaders NO-SOURCE
> Task :app:generateReleaseAssets UP-TO-DATE
> Task :app:extractReleaseNativeSymbolTables
> Task :app:mergeReleaseAssets
> Task :app:mergeReleaseNativeDebugMetadata NO-SOURCE
> Task :app:compressReleaseAssets
> Task :app:extractReleaseVersionControlInfo
> Task :app:processApplicationManifestReleaseForBundle
> Task :app:collectReleaseDependencies
> Task :app:sdkReleaseDependencyData
> Task :app:bundleReleaseResources
> Task :app:validateSigningRelease
> Task :app:writeReleaseAppMetadata
> Task :app:writeReleaseSigningConfigVersions

> Task :app:compileReleaseKotlin FAILED
e: file:///home/runner/work/BgRemover/BgRemover/app/src/main/java/krd/bgremover/MainViewModel.kt:79:9 Platform declaration clash: The following declarations have the same JVM signature (setPersonOnly(Z)V):
    fun `<set-personOnly>`(`<set-?>`: Boolean): Unit defined in krd.bgremover.MainViewModel
    fun setPersonOnly(v: Boolean): Unit defined in krd.bgremover.MainViewModel
e: file:///home/runner/work/BgRemover/BgRemover/app/src/main/java/krd/bgremover/MainViewModel.kt:90:5 Platform declaration clash: The following declarations have the same JVM signature (setPersonOnly(Z)V):
    fun `<set-personOnly>`(`<set-?>`: Boolean): Unit defined in krd.bgremover.MainViewModel
    fun setPersonOnly(v: Boolean): Unit defined in krd.bgremover.MainViewModel
gradle/actions: Writing build results to /home/runner/work/_temp/.gradle-actions/build-results/__run_3-1790940996090.json

FAILURE: Build failed with an exception.

* What went wrong:
Execution failed for task ':app:compileReleaseKotlin'.
> A failure occurred while executing org.jetbrains.kotlin.compilerRunner.GradleCompilerRunnerWithWorkers$GradleKotlinCompilerWorkAction
   > Compilation error. See log for more details

* Try:
> Run with --stacktrace option to get the stack trace.
> Run with --info or --debug option to get more log output.
> Run with --scan to get full insights.
> Get more help at https://help.gradle.org.

BUILD FAILED in 27s
35 actionable tasks: 35 executed
